{
  "statusCode": 200,
  "body": {
    "compound_methods": {
      "0": {
        "rule_settings": {
          "quant": "687d94a5179953ec1a5299a4"
        }
      }
    }
  }
}