{
  "statusCode": 200,
  "body": {
    "compound_methods": {
      "0": {
        "rule_settings": {
          "quant": "688cf21c9da7c2b3d3f19558"
        }
      }
    }
  }
}